LIVEACT_STARTUP t5_s=0.104
LIVEACT_STARTUP dit_load_s=0.333
LIVEACT_STARTUP ready_s=20.095
----iter_total_num= 68
Done Block 0: duration 1000.0ms video cost 20499.14 ms
Done Block 1: duration 1333.3333333333333ms video cost 19090.98 ms
Done Block 2: duration 1333.3333333333333ms video cost 19037.93 ms
Done Block 3: duration 1333.3333333333333ms video cost 19000.43 ms
Done Block 4: duration 1333.3333333333333ms video cost 19011.33 ms
Done Block 5: duration 1333.3333333333333ms video cost 19010.93 ms
Done Block 6: duration 1333.3333333333333ms video cost 19055.11 ms
Done Block 7: duration 1333.3333333333333ms video cost 19058.20 ms
Done Block 8: duration 1333.3333333333333ms video cost 19487.13 ms
Done Block 9: duration 1333.3333333333333ms video cost 19453.06 ms
Done Block 10: duration 1333.3333333333333ms video cost 19040.81 ms
Done Block 11: duration 1333.3333333333333ms video cost 19276.32 ms
Done Block 12: duration 1333.3333333333333ms video cost 19055.92 ms
Done Block 13: duration 1333.3333333333333ms video cost 19049.06 ms
Done Block 14: duration 1333.3333333333333ms video cost 19044.14 ms
Done Block 15: duration 1333.3333333333333ms video cost 19039.08 ms
Done Block 16: duration 1333.3333333333333ms video cost 19035.83 ms
Done Block 17: duration 1333.3333333333333ms video cost 19050.98 ms
Done Block 18: duration 1333.3333333333333ms video cost 19088.21 ms
Done Block 19: duration 1333.3333333333333ms video cost 19057.04 ms
Done Block 20: duration 1333.3333333333333ms video cost 19049.91 ms
Done Block 21: duration 1333.3333333333333ms video cost 19052.66 ms
Done Block 22: duration 1333.3333333333333ms video cost 19044.02 ms
Done Block 23: duration 1333.3333333333333ms video cost 19040.18 ms
Done Block 24: duration 1333.3333333333333ms video cost 19037.84 ms
Done Block 25: duration 1333.3333333333333ms video cost 19075.72 ms
Done Block 26: duration 1333.3333333333333ms video cost 19111.90 ms
Done Block 27: duration 1333.3333333333333ms video cost 19052.60 ms
Done Block 28: duration 1333.3333333333333ms video cost 19059.54 ms
Done Block 29: duration 1333.3333333333333ms video cost 19062.12 ms
Done Block 30: duration 1333.3333333333333ms video cost 19045.18 ms
Done Block 31: duration 1333.3333333333333ms video cost 19076.69 ms
Done Block 32: duration 1333.3333333333333ms video cost 19068.37 ms
Done Block 33: duration 1333.3333333333333ms video cost 19053.36 ms
Done Block 34: duration 1333.3333333333333ms video cost 19059.06 ms
Done Block 35: duration 1333.3333333333333ms video cost 19051.79 ms
Done Block 36: duration 1333.3333333333333ms video cost 19060.95 ms
Done Block 37: duration 1333.3333333333333ms video cost 19076.67 ms
Done Block 38: duration 1333.3333333333333ms video cost 19071.25 ms
Done Block 39: duration 1333.3333333333333ms video cost 19062.34 ms
Done Block 40: duration 1333.3333333333333ms video cost 19075.18 ms
Done Block 41: duration 1333.3333333333333ms video cost 19058.36 ms
Done Block 42: duration 1333.3333333333333ms video cost 19057.83 ms
Done Block 43: duration 1333.3333333333333ms video cost 19058.05 ms
Done Block 44: duration 1333.3333333333333ms video cost 19060.76 ms
Done Block 45: duration 1333.3333333333333ms video cost 19053.64 ms
Done Block 46: duration 1333.3333333333333ms video cost 19043.06 ms
Done Block 47: duration 1333.3333333333333ms video cost 19073.83 ms
Done Block 48: duration 1333.3333333333333ms video cost 19083.15 ms
Done Block 49: duration 1333.3333333333333ms video cost 19047.12 ms
Done Block 50: duration 1333.3333333333333ms video cost 19050.40 ms
Done Block 51: duration 1333.3333333333333ms video cost 19060.09 ms
Done Block 52: duration 1333.3333333333333ms video cost 19077.37 ms
Done Block 53: duration 1333.3333333333333ms video cost 19059.19 ms
Done Block 54: duration 1333.3333333333333ms video cost 19073.29 ms
Done Block 55: duration 1333.3333333333333ms video cost 19084.04 ms
Done Block 56: duration 1333.3333333333333ms video cost 19049.48 ms
Done Block 57: duration 1333.3333333333333ms video cost 19058.45 ms
Done Block 58: duration 1333.3333333333333ms video cost 19095.23 ms
Done Block 59: duration 1333.3333333333333ms video cost 19071.10 ms
Done Block 60: duration 1333.3333333333333ms video cost 19071.91 ms
Done Block 61: duration 1333.3333333333333ms video cost 19074.92 ms
Done Block 62: duration 1333.3333333333333ms video cost 19093.78 ms
Done Block 63: duration 1333.3333333333333ms video cost 19089.18 ms
Done Block 64: duration 1333.3333333333333ms video cost 19120.35 ms
Done Block 65: duration 1333.3333333333333ms video cost 19085.88 ms
Done Block 66: duration 1333.3333333333333ms video cost 19039.33 ms
Done Block 67: duration 1333.3333333333333ms video cost 19057.71 ms
Video with audio generated successfully: /tmp/liveact-image2-repeat90-seed43.mp4
