LIVEACT_STARTUP t5_s=0.080
LIVEACT_STARTUP dit_load_s=0.289
LIVEACT_STARTUP ready_s=6.999
----iter_total_num= 68
Done Block 0: duration 1000.0ms video cost 18108.61 ms
Done Block 1: duration 1333.3333333333333ms video cost 19111.20 ms
Done Block 2: duration 1333.3333333333333ms video cost 19049.32 ms
Done Block 3: duration 1333.3333333333333ms video cost 19013.51 ms
Done Block 4: duration 1333.3333333333333ms video cost 19037.85 ms
Done Block 5: duration 1333.3333333333333ms video cost 19048.54 ms
Done Block 6: duration 1333.3333333333333ms video cost 19038.52 ms
Done Block 7: duration 1333.3333333333333ms video cost 19065.65 ms
Done Block 8: duration 1333.3333333333333ms video cost 19070.46 ms
Done Block 9: duration 1333.3333333333333ms video cost 19062.40 ms
Done Block 10: duration 1333.3333333333333ms video cost 19060.47 ms
Done Block 11: duration 1333.3333333333333ms video cost 19024.79 ms
Done Block 12: duration 1333.3333333333333ms video cost 19037.41 ms
Done Block 13: duration 1333.3333333333333ms video cost 19030.84 ms
Done Block 14: duration 1333.3333333333333ms video cost 19030.69 ms
Done Block 15: duration 1333.3333333333333ms video cost 19034.50 ms
Done Block 16: duration 1333.3333333333333ms video cost 19040.49 ms
Done Block 17: duration 1333.3333333333333ms video cost 19058.79 ms
Done Block 18: duration 1333.3333333333333ms video cost 19029.95 ms
Done Block 19: duration 1333.3333333333333ms video cost 19029.61 ms
Done Block 20: duration 1333.3333333333333ms video cost 19027.79 ms
Done Block 21: duration 1333.3333333333333ms video cost 19034.37 ms
Done Block 22: duration 1333.3333333333333ms video cost 19026.35 ms
Done Block 23: duration 1333.3333333333333ms video cost 19032.48 ms
Done Block 24: duration 1333.3333333333333ms video cost 19035.09 ms
Done Block 25: duration 1333.3333333333333ms video cost 19044.13 ms
Done Block 26: duration 1333.3333333333333ms video cost 19030.75 ms
Done Block 27: duration 1333.3333333333333ms video cost 19039.69 ms
Done Block 28: duration 1333.3333333333333ms video cost 19027.14 ms
Done Block 29: duration 1333.3333333333333ms video cost 19038.82 ms
Done Block 30: duration 1333.3333333333333ms video cost 19019.25 ms
Done Block 31: duration 1333.3333333333333ms video cost 19013.00 ms
Done Block 32: duration 1333.3333333333333ms video cost 19021.47 ms
Done Block 33: duration 1333.3333333333333ms video cost 19034.52 ms
Done Block 34: duration 1333.3333333333333ms video cost 19026.61 ms
Done Block 35: duration 1333.3333333333333ms video cost 19095.99 ms
Done Block 36: duration 1333.3333333333333ms video cost 19082.28 ms
Done Block 37: duration 1333.3333333333333ms video cost 19034.88 ms
Done Block 38: duration 1333.3333333333333ms video cost 19036.24 ms
Done Block 39: duration 1333.3333333333333ms video cost 19062.89 ms
Done Block 40: duration 1333.3333333333333ms video cost 19044.37 ms
Done Block 41: duration 1333.3333333333333ms video cost 19037.23 ms
Done Block 42: duration 1333.3333333333333ms video cost 19040.15 ms
Done Block 43: duration 1333.3333333333333ms video cost 19035.79 ms
Done Block 44: duration 1333.3333333333333ms video cost 19073.63 ms
Done Block 45: duration 1333.3333333333333ms video cost 19064.18 ms
Done Block 46: duration 1333.3333333333333ms video cost 19052.28 ms
Done Block 47: duration 1333.3333333333333ms video cost 19078.23 ms
Done Block 48: duration 1333.3333333333333ms video cost 19062.80 ms
Done Block 49: duration 1333.3333333333333ms video cost 19031.21 ms
Done Block 50: duration 1333.3333333333333ms video cost 19041.07 ms
Done Block 51: duration 1333.3333333333333ms video cost 19056.89 ms
Done Block 52: duration 1333.3333333333333ms video cost 19083.62 ms
Done Block 53: duration 1333.3333333333333ms video cost 19061.54 ms
Done Block 54: duration 1333.3333333333333ms video cost 19053.40 ms
Done Block 55: duration 1333.3333333333333ms video cost 19049.41 ms
Done Block 56: duration 1333.3333333333333ms video cost 19036.91 ms
Done Block 57: duration 1333.3333333333333ms video cost 19092.21 ms
Done Block 58: duration 1333.3333333333333ms video cost 19096.05 ms
Done Block 59: duration 1333.3333333333333ms video cost 19117.61 ms
Done Block 60: duration 1333.3333333333333ms video cost 19116.04 ms
Done Block 61: duration 1333.3333333333333ms video cost 19083.04 ms
Done Block 62: duration 1333.3333333333333ms video cost 19091.08 ms
Done Block 63: duration 1333.3333333333333ms video cost 19118.73 ms
Done Block 64: duration 1333.3333333333333ms video cost 19128.87 ms
Done Block 65: duration 1333.3333333333333ms video cost 19144.30 ms
Done Block 66: duration 1333.3333333333333ms video cost 19140.26 ms
Done Block 67: duration 1333.3333333333333ms video cost 19144.13 ms
Video with audio generated successfully: /tmp/liveact-image2-baseline-seed43-90s.mp4
